// Jest Snapshot v1, https://goo.gl/fbAQLP

exports[`<FighterSelection> should match the snapshot 1`] = `"<div class=\\"FighterSelection\\">0</div>"`;
