// Jest Snapshot v1, https://goo.gl/fbAQLP

exports[`<Fighter> should match the snapshot 1`] = `"<div class=\\"fighter\\" role=\\"button\\"><div class=\\"fighterCard\\" style=\\"background-image:url(https://www.smashbros.com/assets_v2/img/fighter/thumb_a/mario.png)\\" alt=\\"fighter: Mario\\"><div class=\\"selection player-one\\"><div class=\\"topLeft\\"></div><div class=\\"bottomRight\\"></div></div></div></div>"`;
