// Jest Snapshot v1, https://goo.gl/fbAQLP

exports[`<FighterContainer> when the fighters are not yet populated should match the snapshot 1`] = `"<div class=\\"MainLayout\\"><header class=\\"Header\\"><h1>Smash Reporter</h1></header><main><div class=\\"center-container\\">0</div></main><footer class=\\"Footer\\"><span>Edward Runkel<i>©2020</i></span></footer></div>"`;

exports[`<FighterContainer> when the fighters are populated should match the snapshot 1`] = `"<div class=\\"MainLayout\\"><header class=\\"Header\\"><h1>Smash Reporter</h1></header><main><div class=\\"center-container\\"><div class=\\"FighterContainer\\"><div class=\\"FighterChoice vertical faceLeft\\" style=\\"background-image: url(https://ik.imagekit.io/ozcerk4wii/fighter/thumb_v/random.png);\\" alt=\\"fighter: random\\" role=\\"button\\"><div class=\\"helpText center-container\\"><p>Click to Select Fighter</p></div></div><div class=\\"FighterChoice horizontal faceLeft\\" style=\\"background-image: url(https://ik.imagekit.io/ozcerk4wii/fighter/thumb_a/random.png);\\" alt=\\"fighter: random\\" role=\\"button\\"><div class=\\"helpText center-container\\"><p>Click to Select Fighter</p></div></div><div class=\\"FighterSelection\\"><div class=\\"fighterRow\\"><div class=\\"fighter\\" role=\\"button\\"><div class=\\"fighterCard\\" alt=\\"fighter: Mario\\"><img alt=\\"fighter: Mario\\" src=\\"https://ik.imagekit.io/ozcerk4wii/fighter/thumb_a/mario.png?ik-sdk-version=react-1.0.8&amp;tr=q-20%2Cbl-6\\"><div class=\\"selection player-one\\"><div class=\\"topLeft\\"></div><div class=\\"bottomRight\\"></div></div></div></div></div></div><div class=\\"FighterChoice vertical \\" style=\\"background-image: url(https://ik.imagekit.io/ozcerk4wii/fighter/thumb_v/random.png);\\" alt=\\"fighter: random\\" role=\\"button\\"><div class=\\"helpText center-container\\"><p>Click to Select Fighter</p></div></div><div class=\\"FighterChoice horizontal \\" style=\\"background-image: url(https://ik.imagekit.io/ozcerk4wii/fighter/thumb_a/random.png);\\" alt=\\"fighter: random\\" role=\\"button\\"><div class=\\"helpText center-container\\"><p>Click to Select Fighter</p></div></div></div></div></main><footer class=\\"Footer\\"><span>Edward Runkel<i>©2020</i></span></footer></div>"`;
